// Jest Snapshot v1, https://goo.gl/fbAQLP

exports[`Test App component Component renders correctly 1`] = `
<div
  className="modalObject"
>
  <button
    className="graphButton"
    onClick={[Function]}
  >
    Graphics
    <i
      className="fas fa-chart-line fa-lg"
    />
  </button>
</div>
`;
